-- start_ignore
create schema sisc_sort_spill;
set search_path to sisc_sort_spill;
RESET ALL;
-- end_ignore
-- start_ignore
drop function if exists sisc_sort_spill.is_workfile_created(explain_query text);
NOTICE:  function sisc_sort_spill.is_workfile_created(text) does not exist, skipping
drop language if exists plpythonu cascade;
create language plpythonu;
-- set workfile is created to true if all segment did it.
create or replace function sisc_sort_spill.is_workfile_created(explain_query text) 
returns setof int as
$$
import re
query = "select count(*) as nsegments from gp_segment_configuration where role='p' and content >= 0;"
rv = plpy.execute(query)
nsegments = int(rv[0]['nsegments'])
rv = plpy.execute(explain_query)
search_text = 'Work_mem used'
result = []
for i in range(len(rv)):
    cur_line = rv[i]['QUERY PLAN']
    if search_text.lower() in cur_line.lower():
        p = re.compile('.+\((seg[\d]+).+ Workfile: \(([\d+]) spilling\)')
        m = p.match(cur_line)
        workfile_created = int(m.group(2))        
        cur_row = int(workfile_created == nsegments)
        result.append(cur_row)        
return result
$$
language plpythonu;
-- end_ignore
 
drop table if exists testsisc;
create table testsisc (i1 int, i2 int, i3 int, i4 int); 
NOTICE:  Table doesn't have 'DISTRIBUTED BY' clause -- Using column named 'i1' as the Greenplum Database data distribution key for this table.
HINT:  The 'DISTRIBUTED BY' clause determines the distribution of data. Make sure column(s) chosen are the optimal data distribution key to minimize skew.
insert into testsisc select i, i % 1000, i % 100000, i % 75 from 
	(select generate_series(1, nsegments * 50000) as i from 
	(select count(*) as nsegments from gp_segment_configuration where role='p' and content >= 0) foo) bar;
set statement_mem="1MB";
set gp_resqueue_print_operator_memory_limits=on;
set gp_cte_sharing=on;
set gp_enable_mk_sort=on;
select count(*) from (with ctesisc as 
					  (select * from testsisc order by i2)
						select *
						from ctesisc as t1, ctesisc as t2
						where t1.i1 = t2.i2) foo;
 count  
--------
 149850
(1 row)

select * from sisc_sort_spill.is_workfile_created('explain analyze
with ctesisc as 
  (select * from testsisc order by i2)
select *
from ctesisc as t1, ctesisc as t2
where t1.i1 = t2.i2;'); 
 is_workfile_created 
---------------------
                   1
                   1
(2 rows)

select * from sisc_sort_spill.is_workfile_created('explain analyze
with ctesisc as 
  (select * from testsisc order by i2)
select *
from ctesisc as t1, ctesisc as t2
where t1.i1 = t2.i2 limit 50000;'); 
 is_workfile_created 
---------------------
                   1
                   1
(2 rows)

set gp_enable_mk_sort=off;
select count(*) from (with ctesisc as 
					  (select * from testsisc order by i2)
						select *
						from ctesisc as t1, ctesisc as t2
						where t1.i1 = t2.i2) foo;
 count  
--------
 149850
(1 row)

select * from sisc_sort_spill.is_workfile_created('explain analyze
with ctesisc as 
  (select * from testsisc order by i2)
select *
from ctesisc as t1, ctesisc as t2
where t1.i1 = t2.i2;'); 
 is_workfile_created 
---------------------
                   1
                   1
(2 rows)

select * from sisc_sort_spill.is_workfile_created('explain analyze
with ctesisc as 
  (select * from testsisc order by i2)
select *
from ctesisc as t1, ctesisc as t2
where t1.i1 = t2.i2 limit 50000;'); 
 is_workfile_created 
---------------------
                   1
                   1
(2 rows)

-- reset gucs
reset statement_mem;
reset gp_resqueue_print_operator_memory_limits;
reset gp_cte_sharing;
reset gp_enable_mk_sort;
-- start_ignore
drop schema sisc_sort_spill cascade;
NOTICE:  drop cascades to function sisc_sort_spill.is_workfile_created(text)
-- end_ignore
RESET ALL;
